
Admin@Admin MINGW64 /f/Portfolio/05_GIT
$ git clone https://github.com/AndreyGlabay/Portfolio.git
Cloning into 'Portfolio'...
remote: Enumerating objects: 3, done.
remote: Counting objects: 100% (3/3), done.
remote: Total 3 (delta 0), reused 0 (delta 0), pack-reused 0
Receiving objects: 100% (3/3), done.

Admin@Admin MINGW64 /f/Portfolio/05_GIT
$ cd Portfolio/

Admin@Admin MINGW64 /f/Portfolio/05_GIT/Portfolio (main)
$ git add README.md

Admin@Admin MINGW64 /f/Portfolio/05_GIT/Portfolio (main)
$ git status
On branch main
Your branch is up to date with 'origin/main'.

Changes to be committed:
  (use "git restore --staged <file>..." to unstage)
        modified:   README.md


Admin@Admin MINGW64 /f/Portfolio/05_GIT/Portfolio (main)
$ git commit -m "Adding README.md description"
[main e44f55c] Adding README.md description
 1 file changed, 1 insertion(+)

Admin@Admin MINGW64 /f/Portfolio/05_GIT/Portfolio (main)
$ git push
Enumerating objects: 5, done.
Counting objects: 100% (5/5), done.
Delta compression using up to 4 threads
Compressing objects: 100% (2/2), done.
Writing objects: 100% (3/3), 325 bytes | 325.00 KiB/s, done.
Total 3 (delta 0), reused 0 (delta 0), pack-reused 0
To https://github.com/AndreyGlabay/Portfolio.git
   471ff0c..e44f55c  main -> main

Admin@Admin MINGW64 /f/Portfolio/05_GIT/Portfolio (main)
$ git add README.md

Admin@Admin MINGW64 /f/Portfolio/05_GIT/Portfolio (main)
$ git commit -m "Correction of the README.md description"
[main d782f12] Correction of the README.md description
 1 file changed, 1 deletion(-)

Admin@Admin MINGW64 /f/Portfolio/05_GIT/Portfolio (main)
$ git push
Enumerating objects: 5, done.
Counting objects: 100% (5/5), done.
Delta compression using up to 4 threads
Compressing objects: 100% (2/2), done.
Writing objects: 100% (3/3), 331 bytes | 331.00 KiB/s, done.
Total 3 (delta 0), reused 0 (delta 0), pack-reused 0
To https://github.com/AndreyGlabay/Portfolio.git
   e44f55c..d782f12  main -> main

Admin@Admin MINGW64 /f/Portfolio/05_GIT/Portfolio (main)
$ git blame README.md | grep AndreyGlabay
^471ff0c (AndreyGlabay 2021-12-07 15:44:40 +0200 1) # Portfolio
e44f55cc (AndreyGlabay 2021-12-07 16:00:58 +0200 2) This is the story about my first steps in QA life.

Admin@Admin MINGW64 /f/Portfolio/05_GIT/Portfolio (main)
$ git blame README.md | grep "This is the story"
e44f55cc (AndreyGlabay 2021-12-07 16:00:58 +0200 2) This is the story about my first steps in QA life.

Admin@Admin MINGW64 /f/Portfolio/05_GIT/Portfolio (main)
$ git show e44f55cc
commit e44f55cc9535384ac7e8eb3b21fcf0a792d78eb4
Author: AndreyGlabay <rishelevsky@gmail.com>
Date:   Tue Dec 7 16:00:58 2021 +0200

    Adding README.md description

diff --git a/README.md b/README.md
index f665784..1a39a77 100644
--- a/README.md
+++ b/README.md
@@ -1,2 +1,3 @@
 # Portfolio
 QA
+This is the story about my first steps in QA life.
\ No newline at end of file
:
(q)

Admin@Admin MINGW64 /f/Portfolio/05_GIT/Portfolio (main)
$ echo "This is a test" >> test.txt

Admin@Admin MINGW64 /f/Portfolio/05_GIT/Portfolio (main)
$ git status
On branch main
Your branch is up to date with 'origin/main'.

Untracked files:
  (use "git add <file>..." to include in what will be committed)
        GIT steps.txt
        test.txt

nothing added to commit but untracked files present (use "git add" to track)

Admin@Admin MINGW64 /f/Portfolio/05_GIT/Portfolio (main)
$ git add test.txt
warning: LF will be replaced by CRLF in test.txt.
The file will have its original line endings in your working directory

Admin@Admin MINGW64 /f/Portfolio/05_GIT/Portfolio (main)
$ git status
On branch main
Your branch is up to date with 'origin/main'.

Changes to be committed:
  (use "git restore --staged <file>..." to unstage)
        new file:   test.txt

Untracked files:
  (use "git add <file>..." to include in what will be committed)
        GIT steps.txt


Admin@Admin MINGW64 /f/Portfolio/05_GIT/Portfolio (main)
$ git reset

Admin@Admin MINGW64 /f/Portfolio/05_GIT/Portfolio (main)
$ git status
On branch main
Your branch is up to date with 'origin/main'.

Untracked files:
  (use "git add <file>..." to include in what will be committed)
        GIT steps.txt
        test.txt

nothing added to commit but untracked files present (use "git add" to track)


