
Admin@Admin MINGW64 /f/Portfolio/05_GIT
$ git clone https://github.com/AndreyGlabay/Portfolio.git
Cloning into 'Portfolio'...
remote: Enumerating objects: 3, done.
remote: Counting objects: 100% (3/3), done.
remote: Total 3 (delta 0), reused 0 (delta 0), pack-reused 0
Receiving objects: 100% (3/3), done.

Admin@Admin MINGW64 /f/Portfolio/05_GIT
$ cd Portfolio/

Admin@Admin MINGW64 /f/Portfolio/05_GIT/Portfolio (main)
$ git add README.md

Admin@Admin MINGW64 /f/Portfolio/05_GIT/Portfolio (main)
$ git status
On branch main
Your branch is up to date with 'origin/main'.

Changes to be committed:
  (use "git restore --staged <file>..." to unstage)
        modified:   README.md


Admin@Admin MINGW64 /f/Portfolio/05_GIT/Portfolio (main)
$ git commit -m "Adding README.md description"
[main e44f55c] Adding README.md description
 1 file changed, 1 insertion(+)

Admin@Admin MINGW64 /f/Portfolio/05_GIT/Portfolio (main)
$ git push
Enumerating objects: 5, done.
Counting objects: 100% (5/5), done.
Delta compression using up to 4 threads
Compressing objects: 100% (2/2), done.
Writing objects: 100% (3/3), 325 bytes | 325.00 KiB/s, done.
Total 3 (delta 0), reused 0 (delta 0), pack-reused 0
To https://github.com/AndreyGlabay/Portfolio.git
   471ff0c..e44f55c  main -> main

Admin@Admin MINGW64 /f/Portfolio/05_GIT/Portfolio (main)
$ git add README.md

Admin@Admin MINGW64 /f/Portfolio/05_GIT/Portfolio (main)
$ git commit -m "Correction of the README.md description"
[main d782f12] Correction of the README.md description
 1 file changed, 1 deletion(-)

Admin@Admin MINGW64 /f/Portfolio/05_GIT/Portfolio (main)
$ git push
Enumerating objects: 5, done.
Counting objects: 100% (5/5), done.
Delta compression using up to 4 threads
Compressing objects: 100% (2/2), done.
Writing objects: 100% (3/3), 331 bytes | 331.00 KiB/s, done.
Total 3 (delta 0), reused 0 (delta 0), pack-reused 0
To https://github.com/AndreyGlabay/Portfolio.git
   e44f55c..d782f12  main -> main

Admin@Admin MINGW64 /f/Portfolio/05_GIT/Portfolio (main)
$ git blame README.md | grep AndreyGlabay
^471ff0c (AndreyGlabay 2021-12-07 15:44:40 +0200 1) # Portfolio
e44f55cc (AndreyGlabay 2021-12-07 16:00:58 +0200 2) This is the story about my first steps in QA life.

Admin@Admin MINGW64 /f/Portfolio/05_GIT/Portfolio (main)
$ git blame README.md | grep "This is the story"
e44f55cc (AndreyGlabay 2021-12-07 16:00:58 +0200 2) This is the story about my first steps in QA life.

Admin@Admin MINGW64 /f/Portfolio/05_GIT/Portfolio (main)
$ git show e44f55cc
commit e44f55cc9535384ac7e8eb3b21fcf0a792d78eb4
Author: AndreyGlabay <rishelevsky@gmail.com>
Date:   Tue Dec 7 16:00:58 2021 +0200

    Adding README.md description

diff --git a/README.md b/README.md
index f665784..1a39a77 100644
--- a/README.md
+++ b/README.md
@@ -1,2 +1,3 @@
 # Portfolio
 QA
+This is the story about my first steps in QA life.
\ No newline at end of file
:
(q)

Admin@Admin MINGW64 /f/Portfolio/05_GIT/Portfolio (main)
$ echo "This is a test" >> test.txt

Admin@Admin MINGW64 /f/Portfolio/05_GIT/Portfolio (main)
$ git status
On branch main
Your branch is up to date with 'origin/main'.

Untracked files:
  (use "git add <file>..." to include in what will be committed)
        GIT steps.txt
        test.txt

nothing added to commit but untracked files present (use "git add" to track)

Admin@Admin MINGW64 /f/Portfolio/05_GIT/Portfolio (main)
$ git add test.txt
warning: LF will be replaced by CRLF in test.txt.
The file will have its original line endings in your working directory

Admin@Admin MINGW64 /f/Portfolio/05_GIT/Portfolio (main)
$ git status
On branch main
Your branch is up to date with 'origin/main'.

Changes to be committed:
  (use "git restore --staged <file>..." to unstage)
        new file:   test.txt

Untracked files:
  (use "git add <file>..." to include in what will be committed)
        GIT steps.txt


Admin@Admin MINGW64 /f/Portfolio/05_GIT/Portfolio (main)
$ git reset

Admin@Admin MINGW64 /f/Portfolio/05_GIT/Portfolio (main)
$ git status
On branch main
Your branch is up to date with 'origin/main'.

Untracked files:
  (use "git add <file>..." to include in what will be committed)
        GIT steps.txt
        test.txt

nothing added to commit but untracked files present (use "git add" to track)

Admin@Admin MINGW64 /f/Portfolio/05_GIT/Portfolio (main)
$ touch Test.txt

Admin@Admin MINGW64 /f/Portfolio/05_GIT/Portfolio (main)
$ echo "test-test-test" >> Test.txt

Admin@Admin MINGW64 /f/Portfolio/05_GIT/Portfolio (main)
$ cat Test.txt
test-test-test

Admin@Admin MINGW64 /f/Portfolio/05_GIT/Portfolio (main)
$ git status
On branch main
Your branch is up to date with 'origin/main'.

Untracked files:
  (use "git add <file>..." to include in what will be committed)
        GIT steps.txt
        Test.txt

nothing added to commit but untracked files present (use "git add" to track)

Admin@Admin MINGW64 /f/Portfolio/05_GIT/Portfolio (main)
$ git add .
warning: LF will be replaced by CRLF in Test.txt.
The file will have its original line endings in your working directory

Admin@Admin MINGW64 /f/Portfolio/05_GIT/Portfolio (main)
$ git status
On branch main
Your branch is up to date with 'origin/main'.

Changes to be committed:
  (use "git restore --staged <file>..." to unstage)
        new file:   GIT steps.txt
        new file:   Test.txt


Admin@Admin MINGW64 /f/Portfolio/05_GIT/Portfolio (main)
$ git commit -m "Adding my GIT BASH commands file with test file"
[main 7be1a1f] Adding my GIT BASH commands file with test file
 2 files changed, 140 insertions(+)
 create mode 100644 GIT steps.txt
 create mode 100644 Test.txt

Admin@Admin MINGW64 /f/Portfolio/05_GIT/Portfolio (main)
$ git push
Enumerating objects: 5, done.
Counting objects: 100% (5/5), done.
Delta compression using up to 4 threads
Compressing objects: 100% (3/3), done.
Writing objects: 100% (4/4), 1.37 KiB | 1.37 MiB/s, done.
Total 4 (delta 0), reused 0 (delta 0), pack-reused 0
To https://github.com/AndreyGlabay/Portfolio.git
   d782f12..7be1a1f  main -> main

Admin@Admin MINGW64 /f/Portfolio/05_GIT/Portfolio (main)
$ git branch Fix

Admin@Admin MINGW64 /f/Portfolio/05_GIT/Portfolio (main)
$ git branch Release

Admin@Admin MINGW64 /f/Portfolio/05_GIT/Portfolio (main)
$ git branch Develop

Admin@Admin MINGW64 /f/Portfolio/05_GIT/Portfolio (main)
$ git branch Feature

Admin@Admin MINGW64 /f/Portfolio/05_GIT/Portfolio (main)
$ git branch
  Develop
  Feature
  Fix
  Release
* main

Admin@Admin MINGW64 /f/Portfolio/05_GIT/Portfolio (main)
$ git branch False_branch

Admin@Admin MINGW64 /f/Portfolio/05_GIT/Portfolio (main)
$ git branch
  Develop
  False_branch
  Feature
  Fix
  Release
* main

Admin@Admin MINGW64 /f/Portfolio/05_GIT/Portfolio (main)
$ git branch -d False_branch
Deleted branch False_branch (was 7be1a1f).

Admin@Admin MINGW64 /f/Portfolio/05_GIT/Portfolio (main)
$ git branch
  Develop
  Feature
  Fix
  Release
* main

Admin@Admin MINGW64 /f/Portfolio/05_GIT/Portfolio (Develop)
$ git status
On branch Develop
Changes not staged for commit:
  (use "git add/rm <file>..." to update what will be committed)
  (use "git restore <file>..." to discard changes in working directory)
        deleted:    GIT steps.txt

Untracked files:
  (use "git add <file>..." to include in what will be committed)
        GIT_steps.txt

no changes added to commit (use "git add" and/or "git commit -a")

Admin@Admin MINGW64 /f/Portfolio/05_GIT/Portfolio (Develop)
$ git commit -am "GIT_steps at Dev branch"
[Develop 68a3318] GIT_steps at Dev branch
 1 file changed, 139 deletions(-)
 delete mode 100644 GIT steps.txt

Admin@Admin MINGW64 /f/Portfolio/05_GIT/Portfolio (Develop)
$ git push -u Develop
fatal: 'Develop' does not appear to be a git repository
fatal: Could not read from remote repository.

Please make sure you have the correct access rights
and the repository exists.

Admin@Admin MINGW64 /f/Portfolio/05_GIT/Portfolio (Develop)
$ git push -u origin Develop
Enumerating objects: 3, done.
Counting objects: 100% (3/3), done.
Delta compression using up to 4 threads
Compressing objects: 100% (2/2), done.
Writing objects: 100% (2/2), 281 bytes | 281.00 KiB/s, done.
Total 2 (delta 0), reused 0 (delta 0), pack-reused 0
remote:
remote: Create a pull request for 'Develop' on GitHub by visiting:
remote:      https://github.com/AndreyGlabay/Portfolio/pull/new/Develop
remote:
To https://github.com/AndreyGlabay/Portfolio.git
 * [new branch]      Develop -> Develop
Branch 'Develop' set up to track remote branch 'Develop' from 'origin'.

Admin@Admin MINGW64 /f/Portfolio/05_GIT/Portfolio/06_HTML_CSS (main)
$ git add .

Admin@Admin MINGW64 /f/Portfolio/05_GIT/Portfolio/06_HTML_CSS (main)
$ git status
On branch main
Your branch is up to date with 'origin/main'.

Changes to be committed:
  (use "git restore --staged <file>..." to unstage)
        new file:   AndreyGlabay.jpg
        new file:   CVindex.docx
        new file:   CVindex.html
        new file:   cv.css
        new file:   favicon.png
        new file:   floppy.png
        new file:   printersmall.png


Admin@Admin MINGW64 /f/Portfolio/05_GIT/Portfolio/06_HTML_CSS (main)
$ git commit -m 'Adding HTML section'
[main 5ca0b07] Adding HTML section
 7 files changed, 134 insertions(+)
 create mode 100644 06_HTML_CSS/AndreyGlabay.jpg
 create mode 100644 06_HTML_CSS/CVindex.docx
 create mode 100644 06_HTML_CSS/CVindex.html
 create mode 100644 06_HTML_CSS/cv.css
 create mode 100644 06_HTML_CSS/favicon.png
 create mode 100644 06_HTML_CSS/floppy.png
 create mode 100644 06_HTML_CSS/printersmall.png

Admin@Admin MINGW64 /f/Portfolio/05_GIT/Portfolio/06_HTML_CSS (main)
$ git push origin main
Enumerating objects: 11, done.
Counting objects: 100% (11/11), done.
Delta compression using up to 4 threads
Compressing objects: 100% (10/10), done.
Writing objects: 100% (10/10), 47.78 KiB | 3.67 MiB/s, done.
Total 10 (delta 1), reused 0 (delta 0), pack-reused 0
remote: Resolving deltas: 100% (1/1), done.
To https://github.com/AndreyGlabay/Portfolio.git
   c762b22..5ca0b07  main -> main


